// Jest Snapshot v1, https://goo.gl/fbAQLP

exports[`components/MainHeader renders 1`] = `
<styled.header>
  <styled.div>
    <Logo />
    <MainNavigation
      currentPath="/"
    />
    <styled.img
      src="menu-comments.svg"
    />
  </styled.div>
</styled.header>
`;
