// Jest Snapshot v1, https://goo.gl/fbAQLP

exports[`components/LoadingSpinner renders 1`] = `
<styled.div>
  <Icon
    name="spinner"
  />
</styled.div>
`;
