// Jest Snapshot v1, https://goo.gl/fbAQLP

exports[`components/Icon renders 1`] = `
<styled.span>
  <i
    className="fas fa-undefined"
  />
</styled.span>
`;
