// Jest Snapshot v1, https://goo.gl/fbAQLP

exports[`components/Image renders 1`] = `
<img
  className="sc-bdVaJa hLhmaB"
/>
`;
